[38;5;60m╭─[1;38;5;252m vinoa · 新建工程 [38;5;60m───────────────────────────────────────────────────────────────────────────────╮[0m
[38;5;60m│[0m [38;5;245m① 工程[0m  [38;5;240m›[0m [38;5;245m② 构建[0m  [38;5;240m›[0m [1;38;5;74m③ 目标服务端[0m  [38;5;240m›[0m [38;5;245m④ 附加[0m                                                  [38;5;240m3/4[0m  [38;5;60m│[0m
[38;5;60m├──────────────────────────────────────────────────────────────────────────────────────────────────┤[0m
[38;5;60m│[0m                                                                                                  [38;5;60m│[0m
[38;5;60m│[0m   [38;5;245mMC 版本[0m     [38;5;252m1.21.11[0m                                                                  [38;5;114m✓ 已选[0m    [38;5;60m│[0m
[38;5;60m│[0m   [38;5;245m元数据[0m      [38;5;252mplugin.yml[0m                                                               [38;5;114m✓ 已选[0m    [38;5;60m│[0m
[38;5;60m│[0m                                                                                                  [38;5;60m│[0m
[38;5;60m│[0m   [38;5;245m平台（勾 paper 自动带上 bukkit）[0m                                                               [38;5;60m│[0m
[38;5;60m│[0m                                                                                                  [38;5;60m│[0m
[38;5;60m│[0m   [38;5;74m❯[0m [38;5;114m[x][0m [38;5;252mpaper      [0m [38;5;245mJava 21 [0m [38;5;240mio.papermc.paper:paper-api[0m                                          [38;5;60m│[0m
[38;5;60m│[0m   [38;5;74m [0m [38;5;114m[x][0m [38;5;252mbukkit     [0m [38;5;245mJava 21 [0m [38;5;240morg.spigotmc:spigot-api[0m                                             [38;5;60m│[0m
[38;5;60m│[0m   [38;5;74m [0m [38;5;240m[ ][0m [38;5;245mvelocity   [0m [38;5;245mJava 25 [0m [38;5;240mcom.velocitypowered:velocity-api[0m                                    [38;5;60m│[0m
[38;5;60m│[0m   [38;5;74m [0m [38;5;240m[ ][0m [38;5;245mbungeecord [0m [38;5;245mJava 8  [0m [38;5;240mnet.md-5:bungeecord-api[0m                                             [38;5;60m│[0m
[38;5;60m│[0m   [38;5;74m [0m [38;5;240m[ ][0m [38;5;245mfolia      [0m [38;5;245mJava 21 [0m [38;5;240m实验性[0m                                                              [38;5;60m│[0m
[38;5;60m│[0m   [38;5;74m [0m [38;5;240m[ ][0m [38;5;245msponge     [0m [38;5;245mJava 21 [0m [38;5;240m实验性[0m                                                              [38;5;60m│[0m
[38;5;60m│[0m   [38;5;74m [0m [38;5;240m[ ][0m [38;5;245mminestom   [0m [38;5;245mJava 25 [0m [38;5;240m实验性[0m                                                              [38;5;60m│[0m
[38;5;60m│[0m                                                                                                  [38;5;60m│[0m
[38;5;60m│[0m   [38;5;245m环境预检[0m    [38;5;114mJava 21  ✓  /usr/lib/jvm/java-21-openjdk[0m                                           [38;5;60m│[0m
[38;5;60m│[0m               [38;5;210mJava 25  ✗  未检测到[0m                                                               [38;5;60m│[0m
[38;5;60m│[0m               [38;5;179m→ 生成物 settings.gradle.kts 启用 foojay 自动下载？[0m                                [38;5;60m│[0m
[38;5;60m│[0m                                                                                                  [38;5;60m│[0m
[38;5;60m├──────────────────────────────────────────────────────────────────────────────────────────────────┤[0m
[38;5;60m│[0m [38;5;245m↑↓ 移动   空格 勾选   → 全选   Enter 确认   ← → 切页   Esc 取消[0m                                  [38;5;60m│[0m
[38;5;60m╰──────────────────────────────────────────────────────────────────────────────────────────────────╯[0m
                                                                                                    [0m
                                                                                                    [0m
                                                                                                    [0m
                                                                                                    [0m