[38;5;60m╭──────────────────────────────────────────────────────────────────────────────────────────────────╮[0m
[38;5;60m│[0m [1;38;5;252m新建工程[0m                [38;5;60m│[0m [1;38;5;252m目标服务端[0m                                                          [38;5;240m3/4[38;5;60m│[0m
[38;5;60m│[0m                         [38;5;60m│[0m                                                                        [38;5;60m│[0m
[38;5;60m│[0m [38;5;114m✓[0m                       [38;5;60m│[0m [38;5;245mMC 版本[0m                                                                [38;5;60m│[0m
[38;5;60m│[0m                         [38;5;60m│[0m [38;5;74m❯[0m                                                              [38;5;240m最新稳定[38;5;60m│[0m
[38;5;60m│[0m [38;5;245m① 工程[0m                  [38;5;60m│[0m   [38;5;240m1.21.10[0m                                                              [38;5;60m│[0m
[38;5;60m│[0m    [38;5;240mmy-plugin[0m            [38;5;60m│[0m [38;5;252m1.[38;5;240m1.21.9[0m                                                               [38;5;60m│[0m
[38;5;60m│[0m                         [38;5;60m│[0m                                                                        [38;5;60m│[0m
[38;5;60m│[0m [38;5;114m✓[0m                       [38;5;60m│[0m [38;5;245m平台[0m                                                                   [38;5;60m│[0m
[38;5;60m│[0m                         [38;5;60m│[0m [38;5;252m❯ [x] paper[0m   [38;5;252m[x] bukkit[0m                                               [38;5;60m│[0m
[38;5;60m│[0m [38;5;245m② 构建[0m                  [38;5;60m│[0m   [38;5;245m[ ] velocity[0m  [38;5;245m[ ] bungeecord[0m                                         [38;5;60m│[0m
[38;5;60m│[0m    [38;5;240mJava · Gradle[0m        [38;5;60m│[0m   [38;5;245m[ ] folia[0m     [38;5;245m[ ] sponge[0m    [38;5;245m[ ] minestom[0m                             [38;5;60m│[0m
[38;5;60m│[0m                         [38;5;60m│[0m                                                                        [38;5;60m│[0m
[38;5;60m│[0m [38;5;74m▸[0m                       [38;5;60m│[0m [38;5;245m环境预检[0m                                                               [38;5;60m│[0m
[38;5;60m│[0m                         [38;5;60m│[0m [38;5;114mJava 21  ✓[0m  [38;5;210mJava 25  ✗[0m                                                 [38;5;60m│[0m
[38;5;60m│[0m [1;38;5;74m③ 目标服务端[0m            [38;5;60m│[0m [38;5;179m缺 Java 25：生成物启用 foojay 自动下载？[0m                               [38;5;60m│[0m
[38;5;60m│[0m                         [38;5;60m│[0m                                                                        [38;5;60m│[0m
[38;5;60m│[0m                         [38;5;60m│├──────────────────────────────────────────────────────────────────────┤│[0m
[38;5;60m│[0m [38;5;240m④ 附加[0m                  [38;5;60m│[0m                                                                        [38;5;60m│[0m
[38;5;60m│[0m                         [38;5;60m│[0m [38;5;245mEnter 确认[0m    [38;5;245m← → 切页[0m      [38;5;245m空格 勾选[0m                                  [38;5;60m│[0m
[38;5;60m│[0m                         [38;5;60m│[0m                                                                        [38;5;60m│[0m
[38;5;60m├──────────────────────────────────────────────────────────────────────────────────────────────────┤[0m
[38;5;60m│[0m [38;5;240mvinoa init · my-plugin[0m  [38;5;60m│[0m                                                    [38;5;240mcom.example.myplugin[38;5;60m│[0m
[38;5;60m╰──────────────────────────────────────────────────────────────────────────────────────────────────╯[0m
                                                                                                    [0m
                                                                                                    [0m
                                                                                                    [0m
                                                                                                    [0m