  [1;38;5;252mvinoa[0m [38;5;240m新建工程[0m  [38;5;245mmy-plugin[0m                                                                         [0m
                                                                                                    [0m
  [38;5;114m✓[0m [38;5;245m① 工程[0m  [38;5;252mmy-plugin[0m  [38;5;240m·[0m [38;5;240mcom.example.myplugin[0m   [38;5;240m·[0m [38;5;240m./my-plugin[0m                                       [0m
  [38;5;114m✓[0m [38;5;245m② 构建[0m  [38;5;252mJava[0m  [38;5;240m·[0m [38;5;240mGradle[0m  [38;5;240m·[0m [38;5;240mKotlin DSL[0m  [38;5;240m·[0m [38;5;240mJDK 21[0m                                                  [0m
  [38;5;74m●[0m [1;38;5;74m③ 目标服务端[0m                                                                                    [0m
                                                                                                    [0m
      [38;5;245mMC 版本[0m                                                                                       [0m
      [38;5;74m❯[0m [38;5;252m1.21.11[0m                  [38;5;240m最新稳定[0m                                                           [0m
        [38;5;240m1.21.10[0m                                                                                     [0m
        [38;5;240m1.21.9[0m                                                                                      [0m
                                                                                                    [0m
      [38;5;245m平台[0m                                                                                          [0m
      [38;5;74m❯[0m [38;5;252m[x] paper[0m   [38;5;252m[x] bukkit[0m  [38;5;245m[ ] velocity[0m  [38;5;245m[ ] bungeecord[0m                                        [0m
        [38;5;245m[ ] folia[0m   [38;5;245m[ ] sponge[0m  [38;5;245m[ ] minestom[0m                                                        [0m
        [38;5;240mpaper 会自动带上 bukkit 兼容模块[0m                                                            [0m
                                                                                                    [0m
      [38;5;245m环境预检[0m                                                                                      [0m
        [38;5;114m✓ Java 21[0m   [38;5;240m/usr/lib/jvm/java-21-openjdk[0m                                                    [0m
        [38;5;210m✗ Java 25[0m   [38;5;240m未检测到[0m                                                                        [0m
        [38;5;179m缺 Java 25：是否让 Gradle 首次构建自动下载？[0m      [38;5;252m(Y/n)[0m                                     [0m
                                                                                                    [0m
                                                                                                    [0m
  [38;5;245m↑↓ 选择[0m   [38;5;240m·[0m [38;5;245m空格 勾选[0m   [38;5;240m·[0m [38;5;245mEnter 确认[0m   [38;5;240m·[0m [38;5;245mEsc 取消[0m                                                 [0m
                                                                                                    [0m
                                                                                                    [0m
                                                                                                    [0m
                                                                                                    [0m
                                                                                                    [0m