[38;5;60m╭─[48;5;60;1;38;5;252m vinoa [48;5;60;38;5;252m my-plugin [38;5;60m─────────────────────────────────────────────────────[48;5;60;38;5;252m 就绪 [38;5;60m────────────────────╮[0m
[38;5;60m├──────────────────────────────────────────────────────────────────────────────────────────────────┤[0m
[38;5;60m│[0m [1;38;5;74m③ 目标服务端[0m                                  [38;5;240m3/4[0m [38;5;60m│[0m [38;5;245m即将生成[0m                            [1;38;5;74m43 个文件[38;5;60m│[0m
[38;5;60m│[0m                                                   [38;5;60m│[0m                                              [38;5;60m│[0m
[38;5;60m│[0m [38;5;245mMC 版本[0m                                           [38;5;60m│[0m [38;5;252mmy-plugin/[0m                                   [38;5;60m│[0m
[38;5;60m│[0m [38;5;252m❯ 1.21.11[0m                                [38;5;240m最新稳定[0m [38;5;60m│[0m [38;5;240m├─ settings.gradle.kts[0m                       [38;5;60m│[0m
[38;5;60m│[0m   [38;5;240m1.21.10[0m                                         [38;5;60m│[0m [38;5;240m├─ build.gradle.kts[0m                          [38;5;60m│[0m
[38;5;60m│[0m   [38;5;240m1.21.9[0m                                          [38;5;60m│[0m [38;5;252m├─ core/[0m                                     [38;5;60m│[0m
[38;5;60m│[0m                                                   [38;5;60m│[0m [38;5;240m│    └─ 9 files[0m                              [38;5;60m│[0m
[38;5;60m│[0m [38;5;245m平台[0m                                              [38;5;60m│[0m [38;5;252m├─ platforms/[0m                                [38;5;60m│[0m
[38;5;60m│[0m [38;5;252m❯ [x] paper[0m                               [38;5;240mJava 21[0m [38;5;60m│[0m [38;5;240m│    ├─ paper/    7 files[0m                    [38;5;60m│[0m
[38;5;60m│[0m   [38;5;252m[x] bukkit[0m                              [38;5;240mJava 21[0m [38;5;60m│[0m [38;5;240m│    └─ bukkit/   6 files[0m                    [38;5;60m│[0m
[38;5;60m│[0m   [38;5;245m[ ] velocity[0m                            [38;5;240mJava 25[0m [38;5;60m│[0m [38;5;252m├─ gradle/[0m                                   [38;5;60m│[0m
[38;5;60m│[0m   [38;5;245m[ ] bungeecord[0m                           [38;5;240mJava 8[0m [38;5;60m│[0m [38;5;240m└─ gradlew[0m                                   [38;5;60m│[0m
[38;5;60m│[0m   [38;5;245m[ ] folia[0m                                [38;5;240m实验性[0m [38;5;60m│[0m                                              [38;5;60m│[0m
[38;5;60m│[0m   [38;5;245m[ ] sponge[0m                               [38;5;240m实验性[0m [38;5;60m│[0m [38;5;245m跳过 16 项[0m                                   [38;5;60m│[0m
[38;5;60m│[0m   [38;5;245m[ ] minestom[0m                             [38;5;240m实验性[0m [38;5;60m│[0m [38;5;240m· README.en.md[0m                               [38;5;60m│[0m
[38;5;60m│[0m                                                   [38;5;60m│[0m [38;5;240m· paper-plugin.yml[0m                           [38;5;60m│[0m
[38;5;60m│[0m [38;5;245m环境预检[0m                                          [38;5;60m│[0m [38;5;240m· 5 个未勾选模块[0m                             [38;5;60m│[0m
[38;5;60m│[0m [38;5;114mJava 21  ✓[0m  [38;5;210mJava 25  ✗[0m                            [38;5;60m│[0m                                              [38;5;60m│[0m
[38;5;60m│[0m                                                   [38;5;60m│[0m [38;5;245mgit init + 首次提交[0m                       [38;5;114m[x][38;5;60m│[0m
[38;5;60m│[0m                                                   [38;5;60m│[0m                                              [38;5;60m│[0m
[38;5;60m├──────────────────────────────────────────────────────────────────────────────────────────────────┤[0m
[38;5;60m│[0m [38;5;245m↑↓ 移动   空格 勾选   → 全选   Enter 确认   ← → 切页   Esc 取消[0m            [38;5;240m1.21.11 · paper+bukkit[38;5;60m│[0m
[38;5;60m│[0m                                                                                                  [38;5;60m│[0m
[38;5;60m╰──────────────────────────────────────────────────────────────────────────────────────────────────╯[0m
                                                                                                    [0m
                                                                                                    [0m