[38;5;60m╭─[1;38;5;252m vinoa · 新建工程 [38;5;60m───────────────────────────────────────────────────────────────────────[48;5;60;38;5;252m 工程 [38;5;60m──╮[0m
[38;5;60m│[0m [1;38;5;74m▸[0m [1;38;5;74m1 工程[0m  [38;5;240m›[0m  [38;5;240m·[0m [38;5;240m2 构建[0m  [38;5;240m›[0m  [38;5;240m·[0m [38;5;240m3 目标服务端[0m  [38;5;240m›[0m  [38;5;240m·[0m [38;5;240m4 附加[0m                                        [38;5;240m1/4[0m [38;5;60m│[0m
[38;5;60m├──────────────────────────────────────────────────────────────────────────────────────────────────┤[0m
[38;5;60m│[0m                                                                 [38;5;60m│[0m [38;5;245m即将生成[0m                       [38;5;60m│[0m
[38;5;60m│[0m  [38;5;245m名称[0m                                                           [38;5;60m│───────────────────────────────[0m [38;5;60m│[0m
[38;5;60m│[0m  [38;5;74m❯[0m [38;5;252mmy-plugin[0m [38;5;74m▏[0m                                                  [38;5;60m│[0m [38;5;252mmy-plugin/[0m                     [38;5;60m│[0m
[38;5;60m│[0m                                                                 [38;5;60m│[0m [38;5;240m└─ （选择平台后显示）[0m          [38;5;60m│[0m
[38;5;60m│[0m  [38;5;245m包名[0m                                                           [38;5;60m│[0m                                [38;5;60m│[0m
[38;5;60m│[0m  [38;5;74m❯[0m [38;5;252mcom.example.myplugin[0m                                         [38;5;60m│[0m                                [38;5;60m│[0m
[38;5;60m│[0m                                                                 [38;5;60m│[0m                                [38;5;60m│[0m
[38;5;60m│[0m  [38;5;245m位置[0m                                                           [38;5;60m│[0m                                [38;5;60m│[0m
[38;5;60m│[0m  [38;5;240m  ./my-plugin[0m    [38;5;240m（可写）[0m                                      [38;5;60m│[0m                                [38;5;60m│[0m
[38;5;60m│[0m                                                                 [38;5;60m│[0m                                [38;5;60m│[0m
[38;5;60m│[0m                                                                 [38;5;60m│[0m                                [38;5;60m│[0m
[38;5;60m│[0m  [38;5;240m↑↓ 或直接输入[0m                                                  [38;5;60m│[0m                                [38;5;60m│[0m
[38;5;60m│[0m  [38;5;240m须匹配 ^[A-Za-z][A-Za-z0-9_-]{0,63}$[0m                           [38;5;60m│[0m                                [38;5;60m│[0m
[38;5;60m│[0m                                                                 [38;5;60m│[0m                                [38;5;60m│[0m
[38;5;60m│[0m                                                                 [38;5;60m│[0m                                [38;5;60m│[0m
[38;5;60m│[0m                                                                 [38;5;60m│[0m                                [38;5;60m│[0m
[38;5;60m│[0m                                                                 [38;5;60m│[0m                                [38;5;60m│[0m
[38;5;60m│[0m                                                                 [38;5;60m│[0m                                [38;5;60m│[0m
[38;5;60m│[0m                                                                 [38;5;60m│[0m                                [38;5;60m│[0m
[38;5;60m├──────────────────────────────────────────────────────────────────────────────────────────────────┤[0m
[38;5;60m│[0m [38;5;245m↑↓ 移动[38;5;240m·[0m [38;5;245m空格 勾选[0m [38;5;240m·[0m [38;5;245mEnter 确认[0m [38;5;240m·[0m [38;5;245m← → 切页[0m   [38;5;240m·[0m [38;5;245mEsc 取消[0m                                           [38;5;60m│[0m
[38;5;60m╰──────────────────────────────────────────────────────────────────────────────────────────────────╯[0m