[38;5;60m╭─[1;38;5;252m vinoa · 新建工程 [38;5;60m─────────────────────────────────────────────────────────────────[48;5;60;38;5;252m 目标服务端 [38;5;60m──╮[0m
[38;5;60m│[0m [38;5;114m✓[0m [38;5;114m1 工程[0m  [38;5;240m›[0m  [38;5;114m✓[0m [38;5;114m2 构建[0m  [38;5;240m›[0m  [1;38;5;74m▸[0m [1;38;5;74m3 目标服务端[0m  [38;5;240m›[0m  [38;5;240m·[0m [38;5;240m4 附加[0m                                        [38;5;240m3/4[0m [38;5;60m│[0m
[38;5;60m├──────────────────────────────────────────────────────────────────────────────────────────────────┤[0m
[38;5;60m│[0m                                                                 [38;5;60m│[0m [38;5;245m即将生成[0m             [1;38;5;74m43 个文件[0m [38;5;60m│[0m
[38;5;60m│[0m  [38;5;245mMC 版本[0m                                      [38;5;240m只列受支持的版本[0m  [38;5;60m│───────────────────────────────[0m [38;5;60m│[0m
[38;5;60m│[0m  [38;5;74m❯[0m [38;5;252m1.21.11[0m                                            [38;5;240m最新稳定[0m  [38;5;60m│[0m [38;5;252mmy-plugin/[0m                     [38;5;60m│[0m
[38;5;60m│[0m      [38;5;240m1.21.10[0m                                                    [38;5;60m│[0m [38;5;240m├─ settings.gradle.kts[0m         [38;5;60m│[0m
[38;5;60m│[0m      [38;5;240m1.21.9[0m                                                     [38;5;60m│[0m [38;5;240m├─ build.gradle.kts[0m            [38;5;60m│[0m
[38;5;60m│[0m                                                                 [38;5;60m│[0m [38;5;240m├─ core/            9 files[0m    [38;5;60m│[0m
[38;5;60m│[0m  [38;5;245m平台[0m                                 [38;5;240m勾 paper 自动带上 bukkit[0m  [38;5;60m│[0m [38;5;252m├─ platforms/[0m                  [38;5;60m│[0m
[38;5;60m│[0m  [38;5;74m❯[0m [38;5;114m[x][0m [38;5;252mpaper      [0m                                     [38;5;240mJava 21[0m  [38;5;60m│[0m [38;5;240m│   ├─ paper/       7 files[0m    [38;5;60m│[0m
[38;5;60m│[0m  [38;5;74m [0m [38;5;114m[x][0m [38;5;252mbukkit     [0m                                     [38;5;240mJava 21[0m  [38;5;60m│[0m [38;5;240m│   └─ bukkit/      6 files[0m    [38;5;60m│[0m
[38;5;60m│[0m  [38;5;74m [0m [38;5;240m[ ][0m [38;5;245mvelocity   [0m                                     [38;5;240mJava 25[0m  [38;5;60m│[0m [38;5;240m└─ gradlew[0m                     [38;5;60m│[0m
[38;5;60m│[0m  [38;5;74m [0m [38;5;240m[ ][0m [38;5;245mbungeecord [0m                                      [38;5;240mJava 8[0m  [38;5;60m│[0m                                [38;5;60m│[0m
[38;5;60m│[0m  [38;5;74m [0m [38;5;240m[ ][0m [38;5;245mfolia      [0m                                     [38;5;240mJava 21[0m  [38;5;60m│[0m [38;5;245m跳过 16 项[0m                     [38;5;60m│[0m
[38;5;60m│[0m  [38;5;74m [0m [38;5;240m[ ][0m [38;5;245msponge     [0m                                     [38;5;240mJava 21[0m  [38;5;60m│[0m [38;5;240m· README.en.md[0m                 [38;5;60m│[0m
[38;5;60m│[0m  [38;5;74m [0m [38;5;240m[ ][0m [38;5;245mminestom   [0m                                     [38;5;240mJava 25[0m  [38;5;60m│[0m [38;5;240m· paper-plugin.yml[0m             [38;5;60m│[0m
[38;5;60m│[0m                                                                 [38;5;60m│[0m                                [38;5;60m│[0m
[38;5;60m│[0m  [38;5;245m环境预检[0m                                                       [38;5;60m│[0m                                [38;5;60m│[0m
[38;5;60m│[0m    [38;5;114m✓ Java 21[0m  [38;5;240m/usr/lib/jvm/java-21-openjdk[0m                      [38;5;60m│[0m                                [38;5;60m│[0m
[38;5;60m│[0m    [38;5;210m✗ Java 25[0m  [38;5;179m未检测到 · 生成物启用 foojay 自动下载？[0m           [38;5;60m│[0m                                [38;5;60m│[0m
[38;5;60m│[0m                                                                 [38;5;60m│[0m                                [38;5;60m│[0m
[38;5;60m├──────────────────────────────────────────────────────────────────────────────────────────────────┤[0m
[38;5;60m│[0m [38;5;245m↑↓ 移动[38;5;240m·[0m [38;5;245m空格 勾选[0m [38;5;240m·[0m [38;5;245mEnter 确认[0m [38;5;240m·[0m [38;5;245m← → 切页[0m   [38;5;240m·[0m [38;5;245mEsc 取消[0m                                           [38;5;60m│[0m
[38;5;60m╰──────────────────────────────────────────────────────────────────────────────────────────────────╯[0m